----------目录结构如下-----------
.
├── include	[文件夹]
│     └── head.h
├── lib
├── main.c
└── src		[文件夹]	
       ├── add.c
       ├── div.c
       ├── mul.c
       └── sub.c

-------------head.h--------------
int add(int a, int b);
int sub(int a, int b);
int mul(int a, int b);
int div(int a, int b);

--------------add.c--------------
#include "head.h"
int add(int a, int b)
{
	return a + b;
}

--------------div.c--------------
#include "head.h"
int div(int a, int b)
{
	return a / b;
}

--------------mul.c--------------
#include "head.h"
int mul(int a, int b)
{
	return a * b;
}

--------------sub.c--------------
#include "head.h"
int sub(int a, int b)
{
	return a - b;
}

第一步: 编译与位置无关的代码,生成.o,关键参数-fPIC
hua@Aliyun:~/Dynamic$ gcc -fPIC -c src/*.c -I include/
hua@Aliyun:~/Dynamic$ ls
add.o  div.o  include  lib  main.c  mul.o  src  sub.o

第二步: 将.o文件打包成库文件:关键参数 -shared
hua@Aliyun:~/Dynamic$ gcc -shared -o lib/libCalc.so *.o
hua@Aliyun:~/Dynamic$ ls lib/
libCalc.so

第三步: 加入库文件生成程序
hua@Aliyun:~/Dynamic$ gcc main.c -o newapp -I include/ -L lib/ -l Calc
hua@Aliyun:~/Dynamic$ ls
add.o  div.o  include  lib  main.c  mul.o  newapp  src  sub.o

第四步: 直接运行会报错
hua@Aliyun:~/Dynamic$ ./newapp 
./newapp: error while loading shared libraries: libCalc.so:
 cannot open shared object file: No such file or directory

-------使用ldd命令查看库依赖关系-------
hua@Aliyun:~/Dynamic$ ldd newapp
	linux-vdso.so.1 =>  (0x00007fff1f5c2000)
	libCalc.so => not found
	libc.so.6 => /lib/x86_64-linux-gnu/libc.so.6 (0x00007fe152305000)
	/lib64/ld-linux-x86-64.so.2 (0x00007fe1526cf000)

解决方案：
1.拷贝到(或使用链接)/lib下，注意使用绝对路径，不推荐
sudo ln -s /home/hua/Dynamic/lib/libCalc.so /lib/libCalc.so

2.将库文件增加到环境变量LD_LIBRARY_PATH中，较不推荐，且仅对用户的当前登陆有效
hua@Aliyun:~/Dynamic$ echo $LD_LIBRARY_PATH 
hua@Aliyun:~/Dynamic$ export LD_LIBRARY_PATH=/home/hua/Dynamic/lib/:$LD_LIBRARY_PATH
hua@Aliyun:~/Dynamic$ echo $LD_LIBRARY_PATH 
/home/hua/Dynamic/lib/:

3.修改/etc/ld.so.conf，向其中添加对应路径/home/hua/Dynamic/lib/
root@Aliyun:~# vi /etc/ld.so.conf
root@Aliyun:~# ldconfig -v
两条命令都需要root权限


